warning: abseil-cpp-20250814.0-1 is up to date -- reinstalling
warning: acl-2.3.2-1 is up to date -- reinstalling
warning: adwaita-cursors-48.1-1 is up to date -- reinstalling
warning: adwaita-fonts-49.0-2 is up to date -- reinstalling
warning: adwaita-icon-theme-48.1-1 is up to date -- reinstalling
warning: adwaita-icon-theme-legacy-46.2-3 is up to date -- reinstalling
warning: alsa-card-profiles-1:1.4.8-2 is up to date -- reinstalling
warning: alsa-lib-1.2.14-1 is up to date -- reinstalling
warning: alsa-topology-conf-1.2.5.1-4 is up to date -- reinstalling
warning: alsa-ucm-conf-1.2.14-2 is up to date -- reinstalling
warning: alsa-utils-1.2.14-1 is up to date -- reinstalling
warning: amd-ucode-20250917-1 is up to date -- reinstalling
warning: aom-3.13.1-1 is up to date -- reinstalling
warning: aquamarine-0.9.4-1 is up to date -- reinstalling
warning: archlinux-keyring-20250807.1-1 is up to date -- reinstalling
error: target not found: aseprite
error: target not found: aseprite-debug
warning: at-spi2-core-2.56.4-1 is up to date -- reinstalling
warning: atkmm-2.28.4-1 is up to date -- reinstalling
warning: attr-2.5.2-1 is up to date -- reinstalling
warning: audit-4.0.5-1 is up to date -- reinstalling
warning: autoconf-2.72-1 is up to date -- reinstalling
warning: automake-1.18.1-1 is up to date -- reinstalling
warning: avahi-1:0.9rc2-1 is up to date -- reinstalling
warning: base-3-2 is up to date -- reinstalling
warning: base-devel-1-2 is up to date -- reinstalling
warning: bash-5.3.3-2 is up to date -- reinstalling
warning: bc-1.08.2-1 is up to date -- reinstalling
warning: binutils-2.45+r29+g2b2e51a31ec7-1 is up to date -- reinstalling
warning: bison-3.8.2-8 is up to date -- reinstalling
warning: bluez-5.84-1 is up to date -- reinstalling
warning: bluez-libs-5.84-1 is up to date -- reinstalling
warning: brightnessctl-0.5.1-3 is up to date -- reinstalling
warning: brotli-1.1.0-3 is up to date -- reinstalling
warning: bzip2-1.0.8-6 is up to date -- reinstalling
warning: ca-certificates-20240618-1 is up to date -- reinstalling
warning: ca-certificates-mozilla-3.116-1 is up to date -- reinstalling
warning: ca-certificates-utils-20240618-1 is up to date -- reinstalling
warning: cairo-1.18.4-1 is up to date -- reinstalling
warning: cairomm-1.14.5-1 is up to date -- reinstalling
warning: cifs-utils-7.4-1 is up to date -- reinstalling
error: target not found: cmatrix-git
error: target not found: cmatrix-git-debug
warning: confuse-3.3-4 is up to date -- reinstalling
warning: coreutils-9.7-1 is up to date -- reinstalling
warning: cryptsetup-2.8.1-1 is up to date -- reinstalling
warning: curl-8.16.0-1 is up to date -- reinstalling
warning: dav1d-1.5.1-1 is up to date -- reinstalling
warning: db5.3-5.3.28-5 is up to date -- reinstalling
warning: dbus-1.16.2-1 is up to date -- reinstalling
warning: dbus-broker-37-2 is up to date -- reinstalling
warning: dbus-broker-units-37-2 is up to date -- reinstalling
warning: dbus-units-37-2 is up to date -- reinstalling
warning: dconf-0.40.0-3 is up to date -- reinstalling
warning: debugedit-5.2-1 is up to date -- reinstalling
warning: default-cursors-3-1 is up to date -- reinstalling
warning: desktop-file-utils-0.28-1 is up to date -- reinstalling
warning: device-mapper-2.03.35-1 is up to date -- reinstalling
warning: diffutils-3.12-2 is up to date -- reinstalling
warning: dosfstools-4.2-5 is up to date -- reinstalling
error: target not found: dotnet-runtime-8.0-bin
error: target not found: dotnet-targeting-pack-8.0-bin
warning: double-conversion-3.3.1-1 is up to date -- reinstalling
error: target not found: downgrade
warning: duktape-2.7.0-7 is up to date -- reinstalling
warning: e2fsprogs-1.47.3-1 is up to date -- reinstalling
warning: efibootmgr-18-3 is up to date -- reinstalling
warning: efivar-39-1 is up to date -- reinstalling
warning: ell-0.79-1 is up to date -- reinstalling
warning: expat-2.7.2-1 is up to date -- reinstalling
warning: fakeroot-1.37.1.2-1 is up to date -- reinstalling
warning: ffmpeg-2:7.1.1-5 is up to date -- reinstalling
warning: fftw-3.3.10-7 is up to date -- reinstalling
warning: file-5.46-5 is up to date -- reinstalling
warning: filesystem-2025.05.03-1 is up to date -- reinstalling
warning: findutils-4.10.0-3 is up to date -- reinstalling
warning: firefox-143.0.1-1 is up to date -- reinstalling
warning: flac-1.5.0-1 is up to date -- reinstalling
warning: flex-2.6.4-5 is up to date -- reinstalling
warning: fmt-11.2.0-1 is up to date -- reinstalling
warning: fontconfig-2:2.17.1-1 is up to date -- reinstalling
warning: freetype2-2.14.1-1 is up to date -- reinstalling
warning: fribidi-1.0.16-2 is up to date -- reinstalling
warning: fuse-common-3.17.1-1 is up to date -- reinstalling
warning: fuse2-2.9.9-5 is up to date -- reinstalling
warning: fuse3-3.17.1-1 is up to date -- reinstalling
warning: fzf-0.65.2-1 is up to date -- reinstalling
warning: gawk-5.3.2-1 is up to date -- reinstalling
warning: gc-8.2.8-2 is up to date -- reinstalling
warning: gcc-15.2.1+r22+gc4e96a094636-1 is up to date -- reinstalling
warning: gcc-libs-15.2.1+r22+gc4e96a094636-1 is up to date -- reinstalling
warning: gdbm-1.26-1 is up to date -- reinstalling
warning: gdk-pixbuf2-2.42.12-2 is up to date -- reinstalling
warning: gettext-0.26-1 is up to date -- reinstalling
warning: giflib-5.2.2-2 is up to date -- reinstalling
warning: git-2.51.0-1 is up to date -- reinstalling
warning: glib-networking-1:2.80.1-1 is up to date -- reinstalling
warning: glib2-2.84.4-2 is up to date -- reinstalling
warning: glibc-2.42+r17+gd7274d718e6f-1 is up to date -- reinstalling
warning: glibmm-2.66.8-1 is up to date -- reinstalling
warning: glslang-1:1.4.321.0-1 is up to date -- reinstalling
warning: gmp-6.3.0-2 is up to date -- reinstalling
warning: gnulib-l10n-20241231-1 is up to date -- reinstalling
warning: gnupg-2.4.8-1 is up to date -- reinstalling
warning: gnutls-3.8.10-1 is up to date -- reinstalling
warning: go-2:1.25.1-2 is up to date -- reinstalling
warning: gperftools-2.17.2-1 is up to date -- reinstalling
warning: gpgme-2.0.0-1 is up to date -- reinstalling
warning: gpm-1.20.7.r38.ge82d1a6-6 is up to date -- reinstalling
warning: gpsd-3.26.1-2 is up to date -- reinstalling
warning: graphite-1:1.3.14-5 is up to date -- reinstalling
warning: grep-3.12-2 is up to date -- reinstalling
warning: groff-1.23.0-7 is up to date -- reinstalling
warning: grub-2:2.12.r359.g19c698d12-1 is up to date -- reinstalling
warning: gsettings-desktop-schemas-48.0-1 is up to date -- reinstalling
warning: gsettings-system-schemas-48.0-1 is up to date -- reinstalling
warning: gsm-1.0.22-2 is up to date -- reinstalling
warning: gtest-1.17.0-1 is up to date -- reinstalling
warning: gtk-layer-shell-0.9.2-1 is up to date -- reinstalling
warning: gtk-update-icon-cache-1:4.18.6-1 is up to date -- reinstalling
warning: gtk3-1:3.24.50-1 is up to date -- reinstalling
warning: gtkmm3-3.24.10-1 is up to date -- reinstalling
warning: guile-3.0.10-1 is up to date -- reinstalling
warning: gzip-1.14-2 is up to date -- reinstalling
warning: harfbuzz-11.5.0-1 is up to date -- reinstalling
warning: hdparm-9.65-3 is up to date -- reinstalling
warning: hicolor-icon-theme-0.18-1 is up to date -- reinstalling
error: target not found: hid-nintendo-nso-dkms
warning: hidapi-0.15.0-1 is up to date -- reinstalling
warning: highway-1.3.0-1 is up to date -- reinstalling
warning: hwdata-0.399-1 is up to date -- reinstalling
warning: hyprcursor-0.1.13-1 is up to date -- reinstalling
warning: hyprgraphics-0.1.6-1 is up to date -- reinstalling
warning: hyprland-0.51.0-2 is up to date -- reinstalling
warning: hyprland-qt-support-0.1.0-7 is up to date -- reinstalling
warning: hyprland-qtutils-0.1.5-1 is up to date -- reinstalling
warning: hyprlang-0.6.4-1 is up to date -- reinstalling
warning: hyprutils-0.8.4-1 is up to date -- reinstalling
warning: hyprwayland-scanner-0.4.5-1 is up to date -- reinstalling
warning: iana-etc-20250612-1 is up to date -- reinstalling
warning: icu-76.1-1 is up to date -- reinstalling
warning: iproute2-6.16.0-2 is up to date -- reinstalling
warning: iptables-1:1.8.11-2 is up to date -- reinstalling
warning: iputils-20250605-1 is up to date -- reinstalling
warning: iso-codes-4.18.0-1 is up to date -- reinstalling
warning: iw-6.17-1 is up to date -- reinstalling
warning: iwd-3.9-1 is up to date -- reinstalling
warning: jansson-2.14.1-1 is up to date -- reinstalling
warning: jbigkit-2.1-8 is up to date -- reinstalling
warning: json-c-0.18-2 is up to date -- reinstalling
warning: json-glib-1.10.8-1 is up to date -- reinstalling
warning: jsoncpp-1.9.6-3 is up to date -- reinstalling
error: target not found: kanata
error: target not found: kanata-debug
warning: kbd-2.8.0-1 is up to date -- reinstalling
warning: keyutils-1.6.3-3 is up to date -- reinstalling
warning: kitty-0.42.2-1 is up to date -- reinstalling
warning: kitty-shell-integration-0.42.2-1 is up to date -- reinstalling
warning: kitty-terminfo-0.42.2-1 is up to date -- reinstalling
warning: kmod-34.2-1 is up to date -- reinstalling
warning: krb5-1.21.3-2 is up to date -- reinstalling
warning: l-smash-2.14.5-4 is up to date -- reinstalling
warning: lame-3.100-6 is up to date -- reinstalling
warning: lcms2-2.17-1 is up to date -- reinstalling
warning: leancrypto-1.5.1-1 is up to date -- reinstalling
warning: less-1:679-1 is up to date -- reinstalling
warning: libarchive-3.8.1-1 is up to date -- reinstalling
warning: libass-0.17.4-1 is up to date -- reinstalling
warning: libassuan-3.0.0-1 is up to date -- reinstalling
warning: libasyncns-1:0.8+r3+g68cd5af-3 is up to date -- reinstalling
warning: libavc1394-0.5.4-7 is up to date -- reinstalling
warning: libb2-0.98.1-3 is up to date -- reinstalling
warning: libbluray-1.3.4-3 is up to date -- reinstalling
warning: libbpf-1.5.1-1 is up to date -- reinstalling
warning: libbs2b-3.1.0-9 is up to date -- reinstalling
warning: libbsd-0.12.2-2 is up to date -- reinstalling
warning: libcap-2.76-1 is up to date -- reinstalling
warning: libcap-ng-0.8.5-3 is up to date -- reinstalling
warning: libcloudproviders-0.3.6-2 is up to date -- reinstalling
warning: libcolord-1.4.8-1 is up to date -- reinstalling
warning: libcups-2:2.4.14-1 is up to date -- reinstalling
warning: libdaemon-0.14-6 is up to date -- reinstalling
warning: libdatrie-0.2.13-4 is up to date -- reinstalling
warning: libdbusmenu-glib-16.04.0.r498-2 is up to date -- reinstalling
warning: libdbusmenu-gtk3-16.04.0.r498-2 is up to date -- reinstalling
warning: libdecor-0.2.3-1 is up to date -- reinstalling
warning: libdeflate-1.24-1 is up to date -- reinstalling
warning: libdisplay-info-0.2.0-2 is up to date -- reinstalling
warning: libdovi-3.3.2-1 is up to date -- reinstalling
warning: libdrm-2.4.125-1 is up to date -- reinstalling
warning: libdvdnav-6.1.1-2 is up to date -- reinstalling
warning: libdvdread-6.1.3-2 is up to date -- reinstalling
warning: libebur128-1.2.6-2 is up to date -- reinstalling
warning: libedit-20250104_3.1-1 is up to date -- reinstalling
warning: libei-1.5.0-1 is up to date -- reinstalling
warning: libelf-0.193-5 is up to date -- reinstalling
warning: libepoxy-1.5.10-3 is up to date -- reinstalling
warning: libevdev-1.13.4-1 is up to date -- reinstalling
warning: libevent-2.1.12-4 is up to date -- reinstalling
warning: libfdk-aac-2.0.3-1 is up to date -- reinstalling
warning: libffi-3.5.2-1 is up to date -- reinstalling
warning: libfontenc-1.1.8-1 is up to date -- reinstalling
warning: libfreeaptx-0.2.2-1 is up to date -- reinstalling
warning: libgcrypt-1.11.2-1 is up to date -- reinstalling
warning: libglvnd-1.7.0-3 is up to date -- reinstalling
warning: libgpg-error-1.55-1 is up to date -- reinstalling
warning: libgudev-238-3 is up to date -- reinstalling
warning: libice-1.1.2-1 is up to date -- reinstalling
warning: libidn2-2.3.7-1 is up to date -- reinstalling
warning: libiec61883-1.2.0-9 is up to date -- reinstalling
warning: libimobiledevice-1.3.0-17 is up to date -- reinstalling
warning: libimobiledevice-glue-1.3.2-1 is up to date -- reinstalling
warning: libinih-61-1 is up to date -- reinstalling
warning: libinput-1.29.1-1 is up to date -- reinstalling
warning: libisl-0.27-1 is up to date -- reinstalling
warning: libjpeg-turbo-3.1.2-1 is up to date -- reinstalling
warning: libjxl-0.11.1-4 is up to date -- reinstalling
warning: libksba-1.6.7-2 is up to date -- reinstalling
warning: liblc3-1.1.3-1 is up to date -- reinstalling
warning: libldac-2.0.2.3-2 is up to date -- reinstalling
warning: libldap-2.6.10-2 is up to date -- reinstalling
warning: libliftoff-0.5.0-1 is up to date -- reinstalling
warning: libmbim-1.32.0-1 is up to date -- reinstalling
warning: libmd-1.1.0-2 is up to date -- reinstalling
warning: libmm-glib-1.24.2-1 is up to date -- reinstalling
warning: libmnl-1.0.5-2 is up to date -- reinstalling
warning: libmodplug-0.8.9.0-6 is up to date -- reinstalling
warning: libmpc-1.3.1-2 is up to date -- reinstalling
warning: libmpdclient-2.23-1 is up to date -- reinstalling
warning: libmysofa-1.3.3-1 is up to date -- reinstalling
warning: libndp-1.9-1 is up to date -- reinstalling
warning: libnetfilter_conntrack-1.0.9-2 is up to date -- reinstalling
warning: libnewt-0.52.25-1 is up to date -- reinstalling
warning: libnfnetlink-1.0.2-2 is up to date -- reinstalling
warning: libnftnl-1.3.0-1 is up to date -- reinstalling
warning: libnghttp2-1.67.1-1 is up to date -- reinstalling
warning: libnghttp3-1.11.0-1 is up to date -- reinstalling
warning: libnl-3.11.0-1 is up to date -- reinstalling
warning: libnm-1.54.1-1 is up to date -- reinstalling
warning: libnsl-2.0.1-1 is up to date -- reinstalling
warning: libnvme-1.15-1 is up to date -- reinstalling
warning: libogg-1.3.6-1 is up to date -- reinstalling
warning: libopenmpt-0.8.3-1 is up to date -- reinstalling
warning: libp11-kit-0.25.9-1 is up to date -- reinstalling
warning: libpcap-1.10.5-3 is up to date -- reinstalling
warning: libpciaccess-0.18.1-2 is up to date -- reinstalling
warning: libpgm-5.3.128-3 is up to date -- reinstalling
warning: libpipeline-1.5.8-1 is up to date -- reinstalling
warning: libpipewire-1:1.4.8-2 is up to date -- reinstalling
warning: libplacebo-7.351.0-2 is up to date -- reinstalling
warning: libplist-2.7.0-1 is up to date -- reinstalling
warning: libpng-1.6.50-1 is up to date -- reinstalling
warning: libproxy-0.5.11-1 is up to date -- reinstalling
warning: libpsl-0.21.5-2 is up to date -- reinstalling
warning: libpulse-17.0+r43+g3e2bb8a1e-1 is up to date -- reinstalling
warning: libqmi-1.36.0-1 is up to date -- reinstalling
warning: libqrtr-glib-1.2.2-4 is up to date -- reinstalling
warning: libraw1394-2.1.2-4 is up to date -- reinstalling
warning: librsvg-2:2.61.1-1 is up to date -- reinstalling
warning: librsync-1:2.3.4-2 is up to date -- reinstalling
warning: libsamplerate-0.2.2-3 is up to date -- reinstalling
warning: libsasl-2.1.28-5 is up to date -- reinstalling
warning: libseccomp-2.5.6-1 is up to date -- reinstalling
warning: libsecret-0.21.7-1 is up to date -- reinstalling
warning: libsigc++-2.12.1-1 is up to date -- reinstalling
warning: libsm-1.2.6-1 is up to date -- reinstalling
warning: libsndfile-1.2.2-3 is up to date -- reinstalling
warning: libsodium-1.0.20-1 is up to date -- reinstalling
warning: libsoup3-3.6.5-1 is up to date -- reinstalling
warning: libsoxr-0.1.3-4 is up to date -- reinstalling
warning: libssh-0.11.3-1 is up to date -- reinstalling
warning: libssh2-1.11.1-1 is up to date -- reinstalling
warning: libstemmer-3.0.1-1 is up to date -- reinstalling
warning: libsysprof-capture-48.1-2 is up to date -- reinstalling
warning: libtasn1-4.20.0-1 is up to date -- reinstalling
warning: libteam-1.32-2 is up to date -- reinstalling
warning: libthai-0.1.29-3 is up to date -- reinstalling
warning: libtheora-1.2.0-1 is up to date -- reinstalling
warning: libtiff-4.7.1-1 is up to date -- reinstalling
warning: libtirpc-1.3.7-1 is up to date -- reinstalling
warning: libtool-2.6.0-1 is up to date -- reinstalling
warning: libunibreak-6.1-1 is up to date -- reinstalling
warning: libunistring-1.3-1 is up to date -- reinstalling
warning: libunwind-1.8.2-1 is up to date -- reinstalling
warning: liburing-2.12-1 is up to date -- reinstalling
warning: libusb-1.0.29-1 is up to date -- reinstalling
warning: libusbmuxd-2.1.1-1 is up to date -- reinstalling
warning: libutempter-1.2.3-1 is up to date -- reinstalling
warning: libuv-1.51.0-1 is up to date -- reinstalling
warning: libva-2.22.0-1 is up to date -- reinstalling
warning: libvdpau-1.5-3 is up to date -- reinstalling
warning: libverto-0.3.2-5 is up to date -- reinstalling
warning: libvorbis-1.3.7-4 is up to date -- reinstalling
warning: libvpl-2.15.0-1 is up to date -- reinstalling
warning: libvpx-1.15.0-1 is up to date -- reinstalling
warning: libwacom-2.16.1-1 is up to date -- reinstalling
warning: libwbclient-2:4.23.0-2 is up to date -- reinstalling
warning: libwebp-1.6.0-2 is up to date -- reinstalling
warning: libwireplumber-0.5.11-1 is up to date -- reinstalling
warning: libx11-1.8.12-1 is up to date -- reinstalling
warning: libxau-1.0.12-1 is up to date -- reinstalling
warning: libxcb-1.17.0-1 is up to date -- reinstalling
warning: libxcomposite-0.4.6-2 is up to date -- reinstalling
warning: libxcrypt-4.4.38-1 is up to date -- reinstalling
warning: libxcursor-1.2.3-1 is up to date -- reinstalling
warning: libxcvt-0.1.3-1 is up to date -- reinstalling
warning: libxdamage-1.1.6-2 is up to date -- reinstalling
warning: libxdmcp-1.1.5-1 is up to date -- reinstalling
warning: libxext-1.3.6-1 is up to date -- reinstalling
warning: libxfixes-6.0.2-1 is up to date -- reinstalling
warning: libxfont2-2.0.7-1 is up to date -- reinstalling
warning: libxft-2.3.9-1 is up to date -- reinstalling
warning: libxi-1.8.2-1 is up to date -- reinstalling
warning: libxinerama-1.1.5-2 is up to date -- reinstalling
warning: libxkbcommon-1.11.0-1 is up to date -- reinstalling
warning: libxkbcommon-x11-1.11.0-1 is up to date -- reinstalling
warning: libxkbfile-1.1.3-1 is up to date -- reinstalling
warning: libxml2-2.15.0-1 is up to date -- reinstalling
warning: libxmlb-0.3.24-1 is up to date -- reinstalling
warning: libxmu-1.2.1-1 is up to date -- reinstalling
warning: libxrandr-1.5.4-1 is up to date -- reinstalling
warning: libxrender-0.9.12-1 is up to date -- reinstalling
warning: libxshmfence-1.3.3-1 is up to date -- reinstalling
warning: libxslt-1.1.43-2 is up to date -- reinstalling
warning: libxss-1.2.5-1 is up to date -- reinstalling
warning: libxt-1.3.1-1 is up to date -- reinstalling
warning: libxtst-1.2.5-1 is up to date -- reinstalling
warning: libxv-1.0.13-1 is up to date -- reinstalling
warning: libxxf86vm-1.1.6-1 is up to date -- reinstalling
warning: libyaml-0.2.5-3 is up to date -- reinstalling
warning: libzip-1.11.4-1 is up to date -- reinstalling
warning: licenses-20240728-1 is up to date -- reinstalling
error: target not found: light
error: target not found: light-debug
warning: lilv-0.24.26-1 is up to date -- reinstalling
warning: linux-6.16.8.arch1-1 is up to date -- reinstalling
warning: linux-api-headers-6.16-2 is up to date -- reinstalling
warning: llvm-libs-20.1.8-1 is up to date -- reinstalling
warning: lm_sensors-1:3.6.2-1 is up to date -- reinstalling
warning: lmdb-0.9.33-1 is up to date -- reinstalling
warning: lsb-release-2.0.r55.a25a4fc-1 is up to date -- reinstalling
warning: lua-5.4.8-2 is up to date -- reinstalling
warning: lv2-1.18.10-1 is up to date -- reinstalling
warning: lz4-1:1.10.0-2 is up to date -- reinstalling
warning: lzo-2.10-5 is up to date -- reinstalling
warning: m4-1.4.20-1 is up to date -- reinstalling
warning: mailcap-2.1.54-2 is up to date -- reinstalling
warning: make-4.4.1-2 is up to date -- reinstalling
warning: man-db-2.13.1-1 is up to date -- reinstalling
warning: md4c-0.5.2-1 is up to date -- reinstalling
warning: mdadm-4.4-2 is up to date -- reinstalling
warning: mesa-1:25.2.3-2 is up to date -- reinstalling
warning: mkinitcpio-39.2-5 is up to date -- reinstalling
warning: mkinitcpio-busybox-1.36.1-1 is up to date -- reinstalling
warning: mobile-broadband-provider-info-20250613-1 is up to date -- reinstalling
warning: modemmanager-1.24.2-1 is up to date -- reinstalling
warning: mpdecimal-4.0.1-1 is up to date -- reinstalling
warning: mpfr-4.2.2-1 is up to date -- reinstalling
warning: mpg123-1.33.2-1 is up to date -- reinstalling
warning: mtdev-1.1.7-1 is up to date -- reinstalling
warning: mtools-1:4.0.49-1 is up to date -- reinstalling
warning: ncurses-6.5-4 is up to date -- reinstalling
error: target not found: neofetch
warning: nettle-3.10.2-1 is up to date -- reinstalling
warning: networkmanager-1.54.1-1 is up to date -- reinstalling
warning: npth-1.8-1 is up to date -- reinstalling
warning: nspr-4.37-1 is up to date -- reinstalling
warning: nss-3.116-1 is up to date -- reinstalling
warning: ocl-icd-2.3.3-1 is up to date -- reinstalling
warning: opencore-amr-0.1.6-2 is up to date -- reinstalling
warning: openjpeg2-2.5.3-1 is up to date -- reinstalling
warning: openssh-10.0p1-5 is up to date -- reinstalling
warning: openssl-3.5.3-1 is up to date -- reinstalling
warning: opus-1.5.2-1 is up to date -- reinstalling
warning: p11-kit-0.25.9-1 is up to date -- reinstalling
warning: pacman-7.0.0.r6.gc685ae6-6 is up to date -- reinstalling
warning: pacman-contrib-1.13.0-1 is up to date -- reinstalling
warning: pacman-mirrorlist-20250702-2 is up to date -- reinstalling
warning: pam-1.7.1-1 is up to date -- reinstalling
warning: pambase-20250719-1 is up to date -- reinstalling
warning: pango-1:1.56.4-2 is up to date -- reinstalling
warning: pangomm-2.46.4-1 is up to date -- reinstalling
warning: parted-3.6-2 is up to date -- reinstalling
warning: patch-2.8-1 is up to date -- reinstalling
warning: pciutils-3.14.0-1 is up to date -- reinstalling
warning: pcre-8.45-4 is up to date -- reinstalling
warning: pcre2-10.46-1 is up to date -- reinstalling
warning: pcsclite-2.3.3-1 is up to date -- reinstalling
warning: perl-5.42.0-1 is up to date -- reinstalling
warning: perl-error-0.17030-2 is up to date -- reinstalling
warning: perl-mailtools-2.22-2 is up to date -- reinstalling
warning: perl-timedate-2.33-8 is up to date -- reinstalling
warning: pinentry-1.3.2-2 is up to date -- reinstalling
warning: pipewire-1:1.4.8-2 is up to date -- reinstalling
warning: pipewire-audio-1:1.4.8-2 is up to date -- reinstalling
warning: pipewire-jack-1:1.4.8-2 is up to date -- reinstalling
warning: pipewire-session-manager-1:1.4.8-2 is up to date -- reinstalling
warning: pixman-0.46.4-1 is up to date -- reinstalling
warning: pkgconf-2.5.1-1 is up to date -- reinstalling
warning: playerctl-2.4.1-4 is up to date -- reinstalling
warning: polkit-126-2 is up to date -- reinstalling
warning: popt-1.19-2 is up to date -- reinstalling
warning: portaudio-1:19.7.0-3 is up to date -- reinstalling
warning: ppp-2.5.2-1 is up to date -- reinstalling
warning: pps-tools-1.0.3-2 is up to date -- reinstalling
warning: procps-ng-4.0.5-3 is up to date -- reinstalling
warning: protobuf-32.0-1 is up to date -- reinstalling
warning: psmisc-23.7-1 is up to date -- reinstalling
warning: pugixml-1.15-2 is up to date -- reinstalling
warning: python-3.13.7-1 is up to date -- reinstalling
warning: python-annotated-types-0.7.0-2 is up to date -- reinstalling
warning: python-attrs-25.3.0-1 is up to date -- reinstalling
warning: python-cffi-1.17.1-2 is up to date -- reinstalling
warning: python-charset-normalizer-3.4.3-1 is up to date -- reinstalling
warning: python-cryptography-46.0.1-1 is up to date -- reinstalling
warning: python-idna-3.10-2 is up to date -- reinstalling
warning: python-jinja-1:3.1.6-1 is up to date -- reinstalling
warning: python-jsonschema-4.25.1-1 is up to date -- reinstalling
warning: python-jsonschema-specifications-2025.9.1-1 is up to date -- reinstalling
warning: python-markupsafe-3.0.2-1 is up to date -- reinstalling
warning: python-pycparser-2.22-3 is up to date -- reinstalling
warning: python-pydantic-2.11.9-1 is up to date -- reinstalling
warning: python-pydantic-core-3:2.33.2-1 is up to date -- reinstalling
warning: python-pyserial-3.5-7 is up to date -- reinstalling
warning: python-referencing-0.36.2-1 is up to date -- reinstalling
warning: python-requests-2.32.5-1 is up to date -- reinstalling
warning: python-rpds-py-0.27.1-1 is up to date -- reinstalling
warning: python-typing-inspection-0.4.1-1 is up to date -- reinstalling
warning: python-typing_extensions-4.15.0-1 is up to date -- reinstalling
error: target not found: python-uploadserver
warning: python-urllib3-2.5.0-1 is up to date -- reinstalling
warning: python-yaml-6.0.2-2 is up to date -- reinstalling
warning: qt6-base-6.9.2-1 is up to date -- reinstalling
warning: qt6-declarative-6.9.2-1 is up to date -- reinstalling
warning: qt6-svg-6.9.2-1 is up to date -- reinstalling
warning: qt6-translations-6.9.2-1 is up to date -- reinstalling
warning: qt6-wayland-6.9.2-1 is up to date -- reinstalling
warning: rav1e-0.7.1-1 is up to date -- reinstalling
warning: re2-1:20240702-7 is up to date -- reinstalling
warning: readline-8.3.001-1 is up to date -- reinstalling
error: target not found: rezound-git-debug
warning: rubberband-4.0.0-1 is up to date -- reinstalling
warning: sbc-2.1-1 is up to date -- reinstalling
warning: sdl2-compat-2.32.56-2 is up to date -- reinstalling
warning: sdl3-3.2.22-1 is up to date -- reinstalling
warning: seatd-0.9.1-1 is up to date -- reinstalling
warning: sed-4.9-3 is up to date -- reinstalling
warning: serd-0.32.4-1 is up to date -- reinstalling
warning: shaderc-2025.3-1 is up to date -- reinstalling
warning: shadow-4.18.0-1 is up to date -- reinstalling
warning: shared-mime-info-2.4-2 is up to date -- reinstalling
error: target not found: slack-desktop
warning: slang-2.3.3-4 is up to date -- reinstalling
warning: snappy-1.2.2-2 is up to date -- reinstalling
warning: sndio-1.10.0-1 is up to date -- reinstalling
warning: sord-0.16.18-1 is up to date -- reinstalling
warning: spdlog-1.15.3-1 is up to date -- reinstalling
warning: speex-1.2.1-2 is up to date -- reinstalling
warning: speexdsp-1.2.1-2 is up to date -- reinstalling
warning: spirv-tools-1:1.4.321.0-1 is up to date -- reinstalling
warning: sqlite-3.50.4-2 is up to date -- reinstalling
warning: sratom-0.6.18-1 is up to date -- reinstalling
warning: srt-1.5.4-1 is up to date -- reinstalling
warning: sudo-1.9.17.p1-1 is up to date -- reinstalling
warning: svt-av1-3.1.2-1 is up to date -- reinstalling
warning: systemd-258-2 is up to date -- reinstalling
warning: systemd-libs-258-2 is up to date -- reinstalling
warning: systemd-resolvconf-258-2 is up to date -- reinstalling
warning: systemd-sysvcompat-258-2 is up to date -- reinstalling
warning: talloc-2.4.3-1 is up to date -- reinstalling
warning: tar-1.35-2 is up to date -- reinstalling
warning: texinfo-7.2-1 is up to date -- reinstalling
warning: tinysparql-3.9.2-2 is up to date -- reinstalling
warning: tomlplusplus-3.4.0-1 is up to date -- reinstalling
warning: tpm2-tss-4.1.3-1 is up to date -- reinstalling
warning: tree-2.2.1-1 is up to date -- reinstalling
warning: tslib-1.23-1 is up to date -- reinstalling
warning: ttf-roboto-3.012-1 is up to date -- reinstalling
warning: tzdata-2025b-1 is up to date -- reinstalling
warning: upower-1.90.10-1 is up to date -- reinstalling
warning: usbutils-018-1 is up to date -- reinstalling
warning: util-linux-2.41.1-1 is up to date -- reinstalling
warning: util-linux-libs-2.41.1-1 is up to date -- reinstalling
warning: v4l-utils-1.30.1-1 is up to date -- reinstalling
warning: vapoursynth-72-1 is up to date -- reinstalling
warning: vi-1:070224-6 is up to date -- reinstalling
error: target not found: via-appimage
warning: vid.stab-1.1.1-2 is up to date -- reinstalling
warning: vim-runtime-9.1.1734-1 is up to date -- reinstalling
warning: vmaf-3.0.0-1 is up to date -- reinstalling
warning: vulkan-icd-loader-1.4.321.0-1 is up to date -- reinstalling
warning: waybar-0.14.0-1 is up to date -- reinstalling
warning: wayland-1.24.0-1 is up to date -- reinstalling
warning: wayland-protocols-1.45-1 is up to date -- reinstalling
warning: webrtc-audio-processing-1-1.3-5 is up to date -- reinstalling
warning: which-2.23-1 is up to date -- reinstalling
warning: wireplumber-0.5.11-1 is up to date -- reinstalling
warning: wl-clipboard-1:2.2.1-3 is up to date -- reinstalling
warning: wofi-1.5.1-1 is up to date -- reinstalling
warning: wpa_supplicant-2:2.11-3 is up to date -- reinstalling
warning: x264-3:0.164.r3108.31e19f9-3 is up to date -- reinstalling
warning: x265-4.1-1 is up to date -- reinstalling
warning: xcb-proto-1.17.0-3 is up to date -- reinstalling
warning: xcb-util-0.4.1-2 is up to date -- reinstalling
warning: xcb-util-cursor-0.1.6-1 is up to date -- reinstalling
warning: xcb-util-errors-1.0.1-2 is up to date -- reinstalling
warning: xcb-util-image-0.4.1-3 is up to date -- reinstalling
warning: xcb-util-keysyms-0.4.1-5 is up to date -- reinstalling
warning: xcb-util-renderutil-0.3.10-2 is up to date -- reinstalling
warning: xcb-util-wm-0.4.2-2 is up to date -- reinstalling
warning: xdg-utils-1.2.1-1 is up to date -- reinstalling
warning: xkeyboard-config-2.45-1 is up to date -- reinstalling
warning: xmlsec-1.3.7-2 is up to date -- reinstalling
warning: xorg-fonts-encodings-1.1.0-1 is up to date -- reinstalling
warning: xorg-server-common-21.1.18-2 is up to date -- reinstalling
warning: xorg-setxkbmap-1.3.4-2 is up to date -- reinstalling
warning: xorg-xkbcomp-1.4.7-1 is up to date -- reinstalling
warning: xorg-xprop-1.2.8-1 is up to date -- reinstalling
warning: xorg-xset-1.2.5-2 is up to date -- reinstalling
warning: xorg-xwayland-24.1.8-1 is up to date -- reinstalling
warning: xorgproto-2024.1-2 is up to date -- reinstalling
warning: xvidcore-1.3.7-3 is up to date -- reinstalling
warning: xxhash-0.8.3-1 is up to date -- reinstalling
warning: xz-5.8.1-1 is up to date -- reinstalling
error: target not found: yay
error: target not found: yay-debug
warning: zeromq-4.3.5-2 is up to date -- reinstalling
warning: zimg-3.0.5-1 is up to date -- reinstalling
warning: zix-0.6.2-1 is up to date -- reinstalling
warning: zlib-1:1.3.1-2 is up to date -- reinstalling
warning: zlib-ng-2.2.5-1 is up to date -- reinstalling
error: target not found: zoom
warning: zoxide-0.9.8-2 is up to date -- reinstalling
warning: zstd-1.5.7-2 is up to date -- reinstalling
